// Jest Snapshot v1, https://goo.gl/fbAQLP

exports[`renders the BrandList Component Correctly 1`] = `
<div>
  <div
    class="container"
  >
    <ul
      class="carList"
    >
      <a
        href="/cars/BMW"
      >
        <li>
          <div
            class="container"
          >
            <img
              alt="BMW"
              class="image"
              src="https://4.bp.blogspot.com/-IOuK59xvd-Q/V0yK19RcD8I/AAAAAAAAAJs/4gavimm0yW8av7K9yZSIvNQ5A-NeW2Y-ACLcB/s1600/bmw-logo.jpg"
            />
            <p
              class="brand"
            >
              BMW
            </p>
          </div>
        </li>
      </a>
      <a
        href="/cars/Audi"
      >
        <li>
          <div
            class="container"
          >
            <img
              alt="Audi"
              class="image"
              src="https://www.logolynx.com/images/logolynx/3f/3f331726cd34688ab4080efc59e7017f.png"
            />
            <p
              class="brand"
            >
              Audi
            </p>
          </div>
        </li>
      </a>
    </ul>
  </div>
</div>
`;
